// Jest Snapshot v1, https://goo.gl/fbAQLP

exports[`Render Counter Counter test is render  1`] = `
<div
  className="counterwrapper"
  style={
    Object {
      "display": "flex",
    }
  }
>
  <div
    style={
      Object {
        "margin": "auto",
      }
    }
  >
    <div
      className="counterdescription"
      data-test="counterdescription"
      style={
        Object {
          "marginTop": "30px",
        }
      }
    >
      <h2
        data-test="label-text"
      >
        The Count Value is 
         
        0
      </h2>
    </div>
    <button
      className="counterBtn"
      data-test="counter-btn"
      onClick={[Function]}
      style={
        Object {
          "background": "blue",
          "borderRadius": "4px",
          "color": "white",
          "display": "flex",
          "fontSize": "24px",
          "margin": "auto",
          "marginTop": "10px",
          "padding": "10px",
          "textAlign": "center",
        }
      }
    >
      Increment
    </button>
  </div>
</div>
`;
