// Jest Snapshot v1, https://goo.gl/fbAQLP

exports[`Render Increment increment test is render   1`] = `
<Provider
  store={
    Object {
      "@@observable": [Function],
      "dispatch": [Function],
      "getState": [Function],
      "replaceReducer": [Function],
      "subscribe": [Function],
    }
  }
>
  <Connect(IncrementDecrement)>
    <IncrementDecrement
      count={0}
      decrement={[Function]}
      increment={[Function]}
    >
      <div
        className="IncrementDecrement"
      >
        <h1
          className="Count-Text"
          data-test="Count-Text"
        >
          Count: 
          0
        </h1>
        <button
          className="Increment-btn"
          data-test="increment-btn"
          onClick={[Function]}
          style={
            Object {
              "background": "blue",
              "borderRadius": "4px",
              "color": "white",
              "fontSize": "18px",
              "padding": "8px",
            }
          }
          type="button"
        >
          Increment
        </button>
        <button
          className="decrement-btn"
          data-test="decrement-btn"
          onClick={[Function]}
          style={
            Object {
              "background": "blue",
              "borderRadius": "4px",
              "color": "white",
              "fontSize": "18px",
              "marginLeft": "10px",
              "padding": "8px",
            }
          }
        >
          Decrement
        </button>
      </div>
    </IncrementDecrement>
  </Connect(IncrementDecrement)>
</Provider>
`;
