// Jest Snapshot v1, https://goo.gl/fbAQLP

exports[`Render Counter  Counter test is render   1`] = `
<div>
  <label>
    Login Here!
  </label>
</div>
`;

exports[`Render Counter  Login test is render   1`] = `
<div>
  <label>
    Login Here!
  </label>
</div>
`;

exports[`Render Counter Counter test is render   1`] = `
<div>
  <label>
    Login Here!
  </label>
</div>
`;

exports[`Render Counter Counter test is render 1`] = `
<div>
  <label>
    Login Here!
  </label>
</div>
`;

exports[`Render login  Login test is render   1`] = `
<div>
  <label>
    Login Here!
  </label>
</div>
`;
