// Jest Snapshot v1, https://goo.gl/fbAQLP

exports[`Render Login Login test is render 1`] = `
<div
  className="wrapper-div"
  style={
    Object {
      "display": "flex",
    }
  }
>
  <form
    className="login-form"
    onSubmit={[Function]}
    style={
      Object {
        "background": "#dadada",
        "border": "2px solid #0000FF ",
        "color": "blue",
        "margin": "auto",
        "marginTop": "50px",
        "padding": "40px",
      }
    }
  >
    <h3
      className="Login-label"
      id="test-id-login"
      style={
        Object {
          "fontSize": "24px",
        }
      }
    >
      Login
    </h3>
    <div
      className="email-wrapper"
    >
      <label
        style={
          Object {
            "fontSize": "20px",
          }
        }
      >
        Email *
      </label>
      <br />
      <input
        className="email-input"
        id="data-test-email"
        onChange={[Function]}
        placeholder="Please enter  your email"
        style={
          Object {
            "height": "3vh",
            "marginTop": "10px",
          }
        }
        type="email"
        value=""
      />
    </div>
    <br />
    <div>
      <label
        style={
          Object {
            "fontSize": "20px",
          }
        }
      >
        Password *
      </label>
      <br />
      <input
        className="password-input"
        onChange={[Function]}
        placeholder="Please enter your password"
        style={
          Object {
            "height": "3vh",
            "marginTop": "10px",
          }
        }
        type="password"
        value=""
      />
    </div>
    <br />
    <div
      className="wrapper-checkbox"
    >
      <label>
        <input
          checked={true}
          onChange={[Function]}
          type="checkbox"
        />
        Remeber me ?
      </label>
    </div>
    <br />
    <div>
      <button
        className="submit-button"
        style={
          Object {
            "background": "blue",
            "color": "white",
            "height": "5vh",
            "marginTop": "16px",
            "width": "60%",
          }
        }
        type="submit"
      >
        Submit
      </button>
    </div>
  </form>
</div>
`;
